# vphilox PractRand run
date_utc:      2026-08-23T10:46:20Z
host:          vphilox-stats
kernel:        Linux 6.17.0-1022-gcp x86_64
cpu:           Intel(R) Xeon(R) CPU @ 2.80GHz
cpu_flags_simd: avx2,avx512f,avx512dq
git_sha:       62e0dc1dcec7746746ff8aa51807566e59d7041f
git_dirty:     1 file(s)
vphilox:       vphilox 2026.08.0 | backend=avx2 | seed=0 | format=raw32
requested_backend: avx2
resolved_backend:  avx2
format:        raw32
seed:          0
length:        1TB
command:       /home/parthsinha/vphilox/build/bench/tools/vphilox_stream --seed 0 --format raw32 --backend avx2 | RNG_test stdin32 -tlmax 1TB -tf 1 -multithreaded
#
vphilox 2026.08.0 | backend=avx2 | seed=0 | format=raw32
RNG_test using PractRand version 0.95
RNG = RNG_stdin32, seed = unknown
test set = core, folding = standard (32 bit)

rng=RNG_stdin32, seed=unknown
length= 512 megabytes (2^29 bytes), time= 2.0 seconds
  no anomalies in 180 test result(s)

rng=RNG_stdin32, seed=unknown
length= 1 gigabyte (2^30 bytes), time= 4.9 seconds
  no anomalies in 194 test result(s)

rng=RNG_stdin32, seed=unknown
length= 2 gigabytes (2^31 bytes), time= 9.5 seconds
  no anomalies in 205 test result(s)

rng=RNG_stdin32, seed=unknown
length= 4 gigabytes (2^32 bytes), time= 17.5 seconds
  Test Name                         Raw       Processed     Evaluation
  [Low1/32]BCFN(2+1,13-3,T)         R=  -7.8  p =1-2.1e-4   unusual          
  ...and 216 test result(s) without anomalies

rng=RNG_stdin32, seed=unknown
length= 8 gigabytes (2^33 bytes), time= 33.3 seconds
  no anomalies in 230 test result(s)

rng=RNG_stdin32, seed=unknown
length= 16 gigabytes (2^34 bytes), time= 63.6 seconds
  no anomalies in 240 test result(s)

rng=RNG_stdin32, seed=unknown
length= 32 gigabytes (2^35 bytes), time= 121 seconds
  no anomalies in 251 test result(s)

rng=RNG_stdin32, seed=unknown
length= 64 gigabytes (2^36 bytes), time= 242 seconds
  no anomalies in 263 test result(s)

rng=RNG_stdin32, seed=unknown
length= 128 gigabytes (2^37 bytes), time= 489 seconds
  no anomalies in 273 test result(s)

rng=RNG_stdin32, seed=unknown
length= 256 gigabytes (2^38 bytes), time= 995 seconds
  no anomalies in 284 test result(s)

rng=RNG_stdin32, seed=unknown
length= 512 gigabytes (2^39 bytes), time= 2075 seconds
  no anomalies in 295 test result(s)

rng=RNG_stdin32, seed=unknown
length= 1 terabyte (2^40 bytes), time= 4173 seconds
  no anomalies in 304 test result(s)

#
exit_status:   0
wall_seconds:  4175
